// Jest Snapshot v1, https://goo.gl/fbAQLP

exports[`mainBoard render correctly 1`] = `<mainBoard />`;
